2026-05-30T19:22:51Z INF Thank you for trying Cloudflare Tunnel. Doing so, without a Cloudflare account, is a quick way to experiment and try it out. However, be aware that these account-less Tunnels have no uptime guarantee, are subject to the Cloudflare Online Services Terms of Use (https://www.cloudflare.com/website-terms/), and Cloudflare reserves the right to investigate your use of Tunnels for violations of such terms. If you intend to use Tunnels in production you should use a pre-created named tunnel by following: https://developers.cloudflare.com/cloudflare-one/connections/connect-apps
2026-05-30T19:22:51Z INF Requesting new quick Tunnel on trycloudflare.com...
2026-05-30T19:22:57Z INF +--------------------------------------------------------------------------------------------+
2026-05-30T19:22:57Z INF |  Your quick Tunnel has been created! Visit it at (it may take some time to be reachable):  |
2026-05-30T19:22:57Z INF |  https://called-elementary-existence-preferred.trycloudflare.com                           |
2026-05-30T19:22:57Z INF +--------------------------------------------------------------------------------------------+
2026-05-30T19:22:57Z INF Cannot determine default configuration path. No file [config.yml config.yaml] in [~/.cloudflared ~/.cloudflare-warp ~/cloudflare-warp]
2026-05-30T19:22:57Z INF Version 2026.5.2 (Checksum 20b9638f685333d623798e733effbad2487093f15ba592f6c7752360ff3b7ab7)
2026-05-30T19:22:57Z INF GOOS: windows, GOVersion: go1.26.3, GoArch: amd64
2026-05-30T19:22:57Z INF Settings: map[ha-connections:1 protocol:quic url:http://127.0.0.1:8000]
2026-05-30T19:22:57Z INF cloudflared will not automatically update on Windows systems.
2026-05-30T19:22:57Z INF Generated Connector ID: 315ba7b8-de21-4843-9ab3-ec497a9ca9a7
2026-05-30T19:22:57Z INF Initial protocol quic
2026-05-30T19:22:57Z INF ICMP proxy will use 150.165.67.14 as source for IPv4
2026-05-30T19:22:57Z INF ICMP proxy will use fe80::d1c9:1f27:6d61:39d6 in zone Wi-Fi as source for IPv6
2026-05-30T19:22:57Z INF cloudflared does not support loading the system root certificate pool on Windows. Please use --origin-ca-pool <PATH> to specify the path to the certificate pool
2026-05-30T19:22:57Z INF ICMP proxy will use 150.165.67.14 as source for IPv4
2026-05-30T19:22:57Z INF Tunnel connection curve preferences: [X25519MLKEM768 CurveID(65074) CurveP256] connIndex=0 event=0 ip=198.41.200.73
2026-05-30T19:22:57Z INF ICMP proxy will use fe80::d1c9:1f27:6d61:39d6 in zone Wi-Fi as source for IPv6
2026-05-30T19:22:57Z INF Starting metrics server on 127.0.0.1:20242/metrics
2026-05-30T19:22:58Z INF Registered tunnel connection connIndex=0 connection=b837d745-c976-46d8-a4e8-aadf89fd85c3 event=0 ip=198.41.200.73 location=gru08 protocol=quic
2026-05-30T19:23:04Z INF +----------------------------------------------------------------------------------------------------+
2026-05-30T19:23:04Z INF |                                      CONNECTIVITY PRE-CHECKS                                       |
2026-05-30T19:23:04Z INF +----------------------------------------------------------------------------------------------------+
2026-05-30T19:23:04Z INF |  COMPONENT         TARGET                     STATUS  DETAILS                                      |
2026-05-30T19:23:04Z INF |  DNS Resolution    region1.v2.argotunnel.com  PASS    DNS Resolved successfully                    |
2026-05-30T19:23:04Z INF |  DNS Resolution    region2.v2.argotunnel.com  PASS    DNS Resolved successfully                    |
2026-05-30T19:23:04Z INF |  UDP Connectivity  region1.v2.argotunnel.com  PASS    QUIC connection successful                   |
2026-05-30T19:23:04Z INF |  UDP Connectivity  region2.v2.argotunnel.com  PASS    QUIC connection successful                   |
2026-05-30T19:23:04Z INF |  TCP Connectivity  region1.v2.argotunnel.com  FAIL    HTTP/2 connection is blocked or unreachable  |
2026-05-30T19:23:04Z INF |  TCP Connectivity  region2.v2.argotunnel.com  FAIL    HTTP/2 connection is blocked or unreachable  |
2026-05-30T19:23:04Z INF |  Cloudflare API    api.cloudflare.com:443     PASS    API is reachable                             |
2026-05-30T19:23:04Z INF |  WARNING: Allow outbound TCP on port 7844.                                                         |
2026-05-30T19:23:04Z INF |  WARNING: Allow outbound TCP on port 7844.                                                         |
2026-05-30T19:23:04Z INF |                                                                                                    |
2026-05-30T19:23:04Z INF |  SUMMARY: Environment ready with degraded transport. cloudflared will proceed using 'quic'.        |
2026-05-30T19:23:04Z INF +----------------------------------------------------------------------------------------------------+
2026-05-30T19:23:04Z INF precheck component="DNS Resolution" details="DNS Resolved successfully" run_id=c9e00f75-2bef-4423-b962-e9fb142a4d06 status=pass target=region1.v2.argotunnel.com
2026-05-30T19:23:04Z INF precheck component="DNS Resolution" details="DNS Resolved successfully" run_id=c9e00f75-2bef-4423-b962-e9fb142a4d06 status=pass target=region2.v2.argotunnel.com
2026-05-30T19:23:04Z INF precheck component="UDP Connectivity" details="QUIC connection successful" run_id=c9e00f75-2bef-4423-b962-e9fb142a4d06 status=pass target=region1.v2.argotunnel.com
2026-05-30T19:23:04Z INF precheck component="UDP Connectivity" details="QUIC connection successful" run_id=c9e00f75-2bef-4423-b962-e9fb142a4d06 status=pass target=region2.v2.argotunnel.com
2026-05-30T19:23:04Z INF precheck component="TCP Connectivity" details="HTTP/2 connection is blocked or unreachable" run_id=c9e00f75-2bef-4423-b962-e9fb142a4d06 status=fail target=region1.v2.argotunnel.com
2026-05-30T19:23:04Z INF precheck component="TCP Connectivity" details="HTTP/2 connection is blocked or unreachable" run_id=c9e00f75-2bef-4423-b962-e9fb142a4d06 status=fail target=region2.v2.argotunnel.com
2026-05-30T19:23:04Z INF precheck component="Cloudflare API" details="API is reachable" run_id=c9e00f75-2bef-4423-b962-e9fb142a4d06 status=pass target=api.cloudflare.com:443
2026-05-30T19:23:04Z INF precheck complete hard_fail=false run_id=c9e00f75-2bef-4423-b962-e9fb142a4d06 suggested_protocol=quic
