\BOOKMARK [1][-]{section.1}{\376\377\000I\000n\000t\000r\000o\000d\000u\000\347\000\343\000o\000\040\000e\000\040\000C\000o\000n\000t\000e\000x\000t\000o\000\040\000d\000o\000\040\000P\000r\000o\000b\000l\000e\000m\000a}{}% 1
\BOOKMARK [2][-]{subsection.1.1}{\376\377\000O\000b\000j\000e\000t\000i\000v\000o}{section.1}% 2
\BOOKMARK [2][-]{subsection.1.2}{\376\377\000R\000e\000s\000t\000r\000i\000\347\000\365\000e\000s\000\040\000d\000o\000\040\000p\000r\000o\000j\000e\000t\000o}{section.1}% 3
\BOOKMARK [1][-]{section.2}{\376\377\000M\000e\000t\000o\000d\000o\000l\000o\000g\000i\000a}{}% 4
\BOOKMARK [2][-]{subsection.2.1}{\376\377\000E\000s\000c\000o\000l\000h\000a\000\040\000d\000a\000\040\000A\000b\000o\000r\000d\000a\000g\000e\000m}{section.2}% 5
\BOOKMARK [2][-]{subsection.2.2}{\376\377\000V\000a\000r\000i\000\341\000n\000t\000e\000s\000\040\000d\000o\000\040\000M\000o\000d\000e\000l\000o\000\040\000A\000v\000a\000l\000i\000a\000d\000a\000s}{section.2}% 6
\BOOKMARK [1][-]{section.3}{\376\377\000D\000a\000t\000a\000s\000e\000t}{}% 7
\BOOKMARK [2][-]{subsection.3.1}{\376\377\000F\000o\000n\000t\000e\000\040\000d\000o\000s\000\040\000D\000a\000d\000o\000s}{section.3}% 8
\BOOKMARK [2][-]{subsection.3.2}{\376\377\000E\000s\000t\000r\000u\000t\000u\000r\000a\000\040\000d\000o\000\040\000D\000a\000t\000a\000s\000e\000t}{section.3}% 9
\BOOKMARK [1][-]{section.4}{\376\377\000E\000s\000t\000r\000u\000t\000u\000r\000a\000\040\000d\000o\000\040\000C\000\363\000d\000i\000g\000o}{}% 10
\BOOKMARK [2][-]{subsection.4.1}{\376\377\000P\000o\000r\000\040\000q\000u\000e\000\040\000e\000s\000s\000a\000\040\000o\000r\000g\000a\000n\000i\000z\000a\000\347\000\343\000o\000?}{section.4}% 11
\BOOKMARK [1][-]{section.5}{\376\377\000M\000\363\000d\000u\000l\000o\000\040\000d\000e\000\040\000I\000n\000f\000e\000r\000\352\000n\000c\000i\000a\000:\000\040\000s\000c\000r\000e\000w\000\137\000c\000o\000u\000n\000t\000e\000r\000.\000p\000y}{}% 12
\BOOKMARK [2][-]{subsection.5.1}{\376\377\000A\000n\000o\000t\000a\000\347\000\343\000o\000\040\000v\000i\000s\000u\000a\000l}{section.5}% 13
\BOOKMARK [2][-]{subsection.5.2}{\376\377\000P\000o\000r\000\040\000q\000u\000e\000\040\000c\000a\000c\000h\000e\000\040\000d\000e\000\040\000m\000o\000d\000e\000l\000o\000?}{section.5}% 14
\BOOKMARK [2][-]{subsection.5.3}{\376\377\000F\000i\000l\000t\000r\000o\000\040\000d\000e\000\040\000\341\000r\000e\000a\000:\000\040\000r\000e\000m\000o\000v\000e\000n\000d\000o\000\040\000f\000a\000l\000s\000o\000s\000\040\000p\000o\000s\000i\000t\000i\000v\000o\000s\000\040\000g\000r\000a\000n\000d\000e\000s}{section.5}% 15
\BOOKMARK [1][-]{section.6}{\376\377\000T\000r\000e\000i\000n\000a\000m\000e\000n\000t\000o\000\040\000d\000o\000\040\000M\000o\000d\000e\000l\000o}{}% 16
\BOOKMARK [2][-]{subsection.6.1}{\376\377\000S\000c\000r\000i\000p\000t\000\040\000d\000e\000\040\000t\000r\000e\000i\000n\000a\000m\000e\000n\000t\000o}{section.6}% 17
\BOOKMARK [2][-]{subsection.6.2}{\376\377\000H\000i\000p\000e\000r\000p\000a\000r\000\342\000m\000e\000t\000r\000o\000s\000\040\000d\000e\000\040\000t\000r\000e\000i\000n\000a\000m\000e\000n\000t\000o}{section.6}% 18
\BOOKMARK [2][-]{subsection.6.3}{\376\377\000D\000e\000c\000i\000s\000\365\000e\000s\000\040\000t\000o\000m\000a\000d\000a\000s\000\040\000d\000u\000r\000a\000n\000t\000e\000\040\000o\000\040\000t\000r\000e\000i\000n\000a\000m\000e\000n\000t\000o}{section.6}% 19
\BOOKMARK [1][-]{section.7}{\376\377\000V\000a\000l\000i\000d\000a\000\347\000\343\000o\000\040\000d\000o\000\040\000M\000o\000d\000e\000l\000o}{}% 20
\BOOKMARK [2][-]{subsection.7.1}{\376\377\000I\000n\000t\000e\000r\000p\000r\000e\000t\000a\000\347\000\343\000o\000\040\000d\000a\000s\000\040\000m\000\351\000t\000r\000i\000c\000a\000s}{section.7}% 21
\BOOKMARK [1][-]{section.8}{\376\377\000A\000p\000l\000i\000c\000a\000\347\000\343\000o\000\040\000W\000e\000b\000\040\000\050\000B\000a\000c\000k\000e\000n\000d\000\040\000e\000\040\000I\000n\000t\000e\000r\000f\000a\000c\000e\000\051}{}% 22
\BOOKMARK [2][-]{subsection.8.1}{\376\377\000P\000o\000r\000\040\000q\000u\000e\000\040\000F\000a\000s\000t\000A\000P\000I\000?}{section.8}% 23
\BOOKMARK [2][-]{subsection.8.2}{\376\377\000F\000l\000u\000x\000o\000\040\000d\000e\000\040\000u\000m\000a\000\040\000r\000e\000q\000u\000i\000s\000i\000\347\000\343\000o}{section.8}% 24
\BOOKMARK [2][-]{subsection.8.3}{\376\377\000R\000o\000t\000a\000s\000\040\000p\000r\000i\000n\000c\000i\000p\000a\000i\000s}{section.8}% 25
\BOOKMARK [2][-]{subsection.8.4}{\376\377\000T\000r\000e\000c\000h\000o\000\040\000d\000o\000\040\000e\000n\000d\000p\000o\000i\000n\000t\000\040\000d\000e\000\040\000p\000r\000e\000d\000i\000\347\000\343\000o}{section.8}% 26
\BOOKMARK [2][-]{subsection.8.5}{\376\377\000F\000e\000c\000h\000a\000m\000e\000n\000t\000o\000\040\000d\000o\000\040\000d\000i\000a\000\040\000e\000\040\000r\000e\000l\000a\000t\000\363\000r\000i\000o\000s\000\040\000g\000e\000r\000e\000n\000c\000i\000a\000i\000s}{section.8}% 27
\BOOKMARK [1][-]{section.9}{\376\377\000I\000n\000t\000e\000r\000f\000a\000c\000e\000\040\000d\000o\000\040\000S\000i\000s\000t\000e\000m\000a\000\040\000e\000m\000\040\000U\000s\000o}{}% 28
\BOOKMARK [1][-]{section.10}{\376\377\000B\000a\000n\000c\000o\000\040\000d\000e\000\040\000D\000a\000d\000o\000s}{}% 29
\BOOKMARK [2][-]{subsection.10.1}{\376\377\000M\000o\000d\000e\000l\000o\000\040\000d\000e\000\040\000d\000a\000d\000o\000s}{section.10}% 30
\BOOKMARK [2][-]{subsection.10.2}{\376\377\000M\000i\000g\000r\000a\000\347\000\343\000o\000\040\000a\000u\000t\000o\000m\000\341\000t\000i\000c\000a\000\040\000d\000e\000\040\000s\000c\000h\000e\000m\000a}{section.10}% 31
\BOOKMARK [1][-]{section.11}{\376\377\000C\000o\000n\000f\000i\000g\000u\000r\000a\000\347\000\343\000o\000\040\000C\000e\000n\000t\000r\000a\000l\000i\000z\000a\000d\000a}{}% 32
\BOOKMARK [1][-]{section.12}{\376\377\000P\000o\000r\000t\000a\000b\000i\000l\000i\000d\000a\000d\000e\000\040\000p\000a\000r\000a\000\040\000D\000i\000s\000p\000o\000s\000i\000t\000i\000v\000o\000s\000\040\000M\000\363\000v\000e\000i\000s}{}% 33
\BOOKMARK [1][-]{section.13}{\376\377\000C\000r\000i\000t\000\351\000r\000i\000o\000s\000\040\000d\000e\000\040\000A\000v\000a\000l\000i\000a\000\347\000\343\000o\000\040\040\023\000\040\000R\000e\000s\000p\000o\000s\000t\000a\000\040\000D\000i\000r\000e\000t\000a}{}% 34
\BOOKMARK [2][-]{subsection.13.1}{\376\377\000O\000r\000g\000a\000n\000i\000z\000a\000\347\000\343\000o\000\040\000e\000\040\000E\000s\000t\000r\000u\000t\000u\000r\000a\000\347\000\343\000o\000\040\000d\000o\000\040\000C\000\363\000d\000i\000g\000o}{section.13}% 35
\BOOKMARK [2][-]{subsection.13.2}{\376\377\000C\000r\000i\000a\000t\000i\000v\000i\000d\000a\000d\000e\000\040\000n\000a\000\040\000P\000r\000o\000p\000o\000s\000t\000a}{section.13}% 36
\BOOKMARK [2][-]{subsection.13.3}{\376\377\000C\000l\000a\000r\000e\000z\000a\000\040\000n\000o\000s\000\040\000C\000r\000i\000t\000\351\000r\000i\000o\000s\000\040\000d\000e\000\040\000T\000o\000m\000a\000d\000a\000\040\000d\000e\000\040\000D\000e\000c\000i\000s\000\343\000o}{section.13}% 37
\BOOKMARK [2][-]{subsection.13.4}{\376\377\000C\000a\000p\000a\000c\000i\000d\000a\000d\000e\000\040\000A\000n\000a\000l\000\355\000t\000i\000c\000a}{section.13}% 38
\BOOKMARK [1][-]{section.14}{\376\377\000I\000n\000s\000t\000r\000u\000\347\000\365\000e\000s\000\040\000d\000e\000\040\000E\000x\000e\000c\000u\000\347\000\343\000o}{}% 39
\BOOKMARK [2][-]{subsection.14.1}{\376\377\000I\000n\000s\000t\000a\000l\000a\000\347\000\343\000o}{section.14}% 40
\BOOKMARK [2][-]{subsection.14.2}{\376\377\000P\000r\000e\000p\000a\000r\000a\000\347\000\343\000o\000\040\000d\000o\000\040\000D\000a\000t\000a\000s\000e\000t}{section.14}% 41
\BOOKMARK [2][-]{subsection.14.3}{\376\377\000T\000r\000e\000i\000n\000a\000m\000e\000n\000t\000o}{section.14}% 42
\BOOKMARK [2][-]{subsection.14.4}{\376\377\000I\000n\000i\000c\000i\000a\000l\000i\000z\000a\000\347\000\343\000o\000\040\000d\000a\000\040\000A\000p\000l\000i\000c\000a\000\347\000\343\000o\000\040\000W\000e\000b}{section.14}% 43
\BOOKMARK [1][-]{section.15}{\376\377\000E\000x\000p\000e\000r\000i\000\352\000n\000c\000i\000a\000\040\000d\000e\000\040\000U\000s\000o\000\040\000d\000a\000\040\000F\000e\000r\000r\000a\000m\000e\000n\000t\000a}{}% 44
\BOOKMARK [2][-]{subsection.15.1}{\376\377\000P\000r\000i\000m\000e\000i\000r\000o\000\040\000c\000o\000n\000t\000a\000t\000o\000\040\000e\000\040\000o\000n\000b\000o\000a\000r\000d\000i\000n\000g}{section.15}% 45
\BOOKMARK [2][-]{subsection.15.2}{\376\377\000F\000l\000u\000x\000o\000\040\000d\000e\000\040\000c\000o\000n\000t\000a\000g\000e\000m}{section.15}% 46
\BOOKMARK [2][-]{subsection.15.3}{\376\377\000P\000o\000n\000t\000o\000s\000\040\000p\000o\000s\000i\000t\000i\000v\000o\000s\000\040\000p\000e\000r\000c\000e\000b\000i\000d\000o\000s}{section.15}% 47
\BOOKMARK [2][-]{subsection.15.4}{\376\377\000L\000i\000m\000i\000t\000a\000\347\000\365\000e\000s\000\040\000e\000\040\000a\000t\000r\000i\000t\000o\000s\000\040\000o\000b\000s\000e\000r\000v\000a\000d\000o\000s}{section.15}% 48
\BOOKMARK [2][-]{subsection.15.5}{\376\377\000I\000m\000p\000r\000e\000s\000s\000\343\000o\000\040\000g\000e\000r\000a\000l}{section.15}% 49
\BOOKMARK [1][-]{section.16}{\376\377\000C\000o\000n\000c\000l\000u\000s\000\343\000o}{}% 50
\BOOKMARK [1][-]{appendix.A}{\376\377\000D\000e\000p\000e\000n\000d\000\352\000n\000c\000i\000a\000s\000\040\000P\000r\000i\000n\000c\000i\000p\000a\000i\000s}{}% 51
