2026-05-31T02:56:04Z INF Thank you for trying Cloudflare Tunnel. Doing so, without a Cloudflare account, is a quick way to experiment and try it out. However, be aware that these account-less Tunnels have no uptime guarantee, are subject to the Cloudflare Online Services Terms of Use (https://www.cloudflare.com/website-terms/), and Cloudflare reserves the right to investigate your use of Tunnels for violations of such terms. If you intend to use Tunnels in production you should use a pre-created named tunnel by following: https://developers.cloudflare.com/cloudflare-one/connections/connect-apps
2026-05-31T02:56:04Z INF Requesting new quick Tunnel on trycloudflare.com...
2026-05-31T02:56:09Z INF +--------------------------------------------------------------------------------------------+
2026-05-31T02:56:09Z INF |  Your quick Tunnel has been created! Visit it at (it may take some time to be reachable):  |
2026-05-31T02:56:09Z INF |  https://dogs-fast-disciplines-formatting.trycloudflare.com                                |
2026-05-31T02:56:09Z INF +--------------------------------------------------------------------------------------------+
2026-05-31T02:56:09Z INF Cannot determine default configuration path. No file [config.yml config.yaml] in [~/.cloudflared ~/.cloudflare-warp ~/cloudflare-warp]
2026-05-31T02:56:09Z INF Version 2026.5.2 (Checksum 20b9638f685333d623798e733effbad2487093f15ba592f6c7752360ff3b7ab7)
2026-05-31T02:56:09Z INF GOOS: windows, GOVersion: go1.26.3, GoArch: amd64
2026-05-31T02:56:09Z INF Settings: map[ha-connections:1 protocol:quic url:http://localhost:8000]
2026-05-31T02:56:09Z INF cloudflared will not automatically update on Windows systems.
2026-05-31T02:56:09Z INF Generated Connector ID: 5d878d17-7eb5-4433-8f97-e1a6f6b2c0c9
2026-05-31T02:56:09Z INF Initial protocol quic
2026-05-31T02:56:09Z INF ICMP proxy will use 192.168.1.106 as source for IPv4
2026-05-31T02:56:09Z INF ICMP proxy will use 2804:6888:cc3d:1:40b2:d04e:cd50:2bc2 in zone Wi-Fi as source for IPv6
2026-05-31T02:56:09Z INF cloudflared does not support loading the system root certificate pool on Windows. Please use --origin-ca-pool <PATH> to specify the path to the certificate pool
2026-05-31T02:56:09Z INF ICMP proxy will use 192.168.1.106 as source for IPv4
2026-05-31T02:56:09Z INF Tunnel connection curve preferences: [X25519MLKEM768 CurveID(65074) CurveP256] connIndex=0 event=0 ip=2606:4700:a0::6
2026-05-31T02:56:09Z INF ICMP proxy will use 2804:6888:cc3d:1:40b2:d04e:cd50:2bc2 in zone Wi-Fi as source for IPv6
2026-05-31T02:56:09Z INF Starting metrics server on 127.0.0.1:20244/metrics
2026-05-31T02:56:14Z ERR Failed to dial a quic connection error="failed to dial to edge with quic: timeout: no recent network activity" connIndex=0 event=0 ip=2606:4700:a0::6
2026-05-31T02:56:14Z INF Retrying connection in up to 2s connIndex=0 event=0 ip=2606:4700:a0::6
2026-05-31T02:56:15Z INF Tunnel connection curve preferences: [X25519MLKEM768 CurveID(65074) CurveP256] connIndex=0 event=0 ip=2606:4700:a8::7
2026-05-31T02:56:19Z INF +----------------------------------------------------------------------------------------------------+
2026-05-31T02:56:19Z INF |                                      CONNECTIVITY PRE-CHECKS                                       |
2026-05-31T02:56:19Z INF +----------------------------------------------------------------------------------------------------+
2026-05-31T02:56:19Z INF |  COMPONENT         TARGET                     STATUS  DETAILS                                      |
2026-05-31T02:56:19Z INF |  DNS Resolution    region1.v2.argotunnel.com  PASS    DNS Resolved successfully                    |
2026-05-31T02:56:19Z INF |  DNS Resolution    region2.v2.argotunnel.com  PASS    DNS Resolved successfully                    |
2026-05-31T02:56:19Z INF |  UDP Connectivity  region1.v2.argotunnel.com  PASS    QUIC connection successful                   |
2026-05-31T02:56:19Z INF |  UDP Connectivity  region2.v2.argotunnel.com  FAIL    QUIC connection failed                       |
2026-05-31T02:56:19Z INF |  TCP Connectivity  region1.v2.argotunnel.com  FAIL    HTTP/2 connection is blocked or unreachable  |
2026-05-31T02:56:19Z INF |  TCP Connectivity  region2.v2.argotunnel.com  FAIL    HTTP/2 connection is blocked or unreachable  |
2026-05-31T02:56:19Z INF |  Cloudflare API    api.cloudflare.com:443     PASS    API is reachable                             |
2026-05-31T02:56:19Z INF |  ERROR: Allow outbound QUIC traffic on port 7844 or use HTTP2.                                     |
2026-05-31T02:56:19Z INF |  ERROR: Allow outbound TCP on port 7844.                                                           |
2026-05-31T02:56:19Z INF |  ERROR: Allow outbound TCP on port 7844.                                                           |
2026-05-31T02:56:19Z INF |                                                                                                    |
2026-05-31T02:56:19Z INF |  SUMMARY: Environment has critical failures. cloudflared may not be able to establish a tunnel.    |
2026-05-31T02:56:19Z INF +----------------------------------------------------------------------------------------------------+
2026-05-31T02:56:19Z INF precheck component="DNS Resolution" details="DNS Resolved successfully" run_id=8e27bdb7-2056-4cc2-a7bc-154cee7f5849 status=pass target=region1.v2.argotunnel.com
2026-05-31T02:56:19Z INF precheck component="DNS Resolution" details="DNS Resolved successfully" run_id=8e27bdb7-2056-4cc2-a7bc-154cee7f5849 status=pass target=region2.v2.argotunnel.com
2026-05-31T02:56:19Z INF precheck component="UDP Connectivity" details="QUIC connection successful" run_id=8e27bdb7-2056-4cc2-a7bc-154cee7f5849 status=pass target=region1.v2.argotunnel.com
2026-05-31T02:56:19Z INF precheck component="UDP Connectivity" details="QUIC connection failed" run_id=8e27bdb7-2056-4cc2-a7bc-154cee7f5849 status=fail target=region2.v2.argotunnel.com
2026-05-31T02:56:19Z INF precheck component="TCP Connectivity" details="HTTP/2 connection is blocked or unreachable" run_id=8e27bdb7-2056-4cc2-a7bc-154cee7f5849 status=fail target=region1.v2.argotunnel.com
2026-05-31T02:56:19Z INF precheck component="TCP Connectivity" details="HTTP/2 connection is blocked or unreachable" run_id=8e27bdb7-2056-4cc2-a7bc-154cee7f5849 status=fail target=region2.v2.argotunnel.com
2026-05-31T02:56:19Z INF precheck component="Cloudflare API" details="API is reachable" run_id=8e27bdb7-2056-4cc2-a7bc-154cee7f5849 status=pass target=api.cloudflare.com:443
2026-05-31T02:56:19Z INF precheck complete hard_fail=true run_id=8e27bdb7-2056-4cc2-a7bc-154cee7f5849
2026-05-31T02:56:20Z ERR Failed to dial a quic connection error="failed to dial to edge with quic: timeout: no recent network activity" connIndex=0 event=0 ip=2606:4700:a8::7
2026-05-31T02:56:20Z INF Retrying connection in up to 4s connIndex=0 event=0 ip=2606:4700:a8::7
2026-05-31T02:56:21Z INF Tunnel connection curve preferences: [X25519MLKEM768 CurveID(65074) CurveP256] connIndex=0 event=0 ip=198.41.192.167
2026-05-31T02:56:22Z INF Registered tunnel connection connIndex=0 connection=7fd85b44-0c76-4bf6-8370-6cca62380253 event=0 ip=198.41.192.167 location=for01 protocol=quic
