2026-05-31T00:20:37Z INF Thank you for trying Cloudflare Tunnel. Doing so, without a Cloudflare account, is a quick way to experiment and try it out. However, be aware that these account-less Tunnels have no uptime guarantee, are subject to the Cloudflare Online Services Terms of Use (https://www.cloudflare.com/website-terms/), and Cloudflare reserves the right to investigate your use of Tunnels for violations of such terms. If you intend to use Tunnels in production you should use a pre-created named tunnel by following: https://developers.cloudflare.com/cloudflare-one/connections/connect-apps
2026-05-31T00:20:37Z INF Requesting new quick Tunnel on trycloudflare.com...
2026-05-31T00:20:43Z INF +--------------------------------------------------------------------------------------------+
2026-05-31T00:20:43Z INF |  Your quick Tunnel has been created! Visit it at (it may take some time to be reachable):  |
2026-05-31T00:20:43Z INF |  https://cleaners-talks-acquisition-clan.trycloudflare.com                                 |
2026-05-31T00:20:43Z INF +--------------------------------------------------------------------------------------------+
2026-05-31T00:20:43Z INF Cannot determine default configuration path. No file [config.yml config.yaml] in [~/.cloudflared ~/.cloudflare-warp ~/cloudflare-warp]
2026-05-31T00:20:43Z INF Version 2026.5.2 (Checksum 20b9638f685333d623798e733effbad2487093f15ba592f6c7752360ff3b7ab7)
2026-05-31T00:20:43Z INF GOOS: windows, GOVersion: go1.26.3, GoArch: amd64
2026-05-31T00:20:43Z INF Settings: map[ha-connections:1 protocol:quic url:http://localhost:8001]
2026-05-31T00:20:43Z INF cloudflared will not automatically update on Windows systems.
2026-05-31T00:20:43Z INF Generated Connector ID: 8a1d79f2-6e8a-43f2-9c56-c3b6c1dd00a6
2026-05-31T00:20:43Z INF Initial protocol quic
2026-05-31T00:20:43Z INF ICMP proxy will use 192.168.1.106 as source for IPv4
2026-05-31T00:20:43Z INF ICMP proxy will use 2804:6888:cc3d:1:40b2:d04e:cd50:2bc2 in zone Wi-Fi as source for IPv6
2026-05-31T00:20:43Z INF cloudflared does not support loading the system root certificate pool on Windows. Please use --origin-ca-pool <PATH> to specify the path to the certificate pool
2026-05-31T00:20:43Z INF ICMP proxy will use 192.168.1.106 as source for IPv4
2026-05-31T00:20:43Z INF Tunnel connection curve preferences: [X25519MLKEM768 CurveID(65074) CurveP256] connIndex=0 event=0 ip=2606:4700:a0::4
2026-05-31T00:20:43Z INF ICMP proxy will use 2804:6888:cc3d:1:40b2:d04e:cd50:2bc2 in zone Wi-Fi as source for IPv6
2026-05-31T00:20:43Z INF Starting metrics server on 127.0.0.1:20241/metrics
2026-05-31T00:20:48Z ERR Failed to dial a quic connection error="failed to dial to edge with quic: timeout: no recent network activity" connIndex=0 event=0 ip=2606:4700:a0::4
2026-05-31T00:20:48Z INF Retrying connection in up to 2s connIndex=0 event=0 ip=2606:4700:a0::4
2026-05-31T00:20:50Z INF Tunnel connection curve preferences: [X25519MLKEM768 CurveID(65074) CurveP256] connIndex=0 event=0 ip=198.41.192.167
2026-05-31T00:20:51Z INF Registered tunnel connection connIndex=0 connection=fe78bcdd-636c-4ace-88fd-2e2f2c660962 event=0 ip=198.41.192.167 location=for01 protocol=quic
2026-05-31T00:20:53Z INF +----------------------------------------------------------------------------------------------------+
2026-05-31T00:20:53Z INF |                                      CONNECTIVITY PRE-CHECKS                                       |
2026-05-31T00:20:53Z INF +----------------------------------------------------------------------------------------------------+
2026-05-31T00:20:53Z INF |  COMPONENT         TARGET                     STATUS  DETAILS                                      |
2026-05-31T00:20:53Z INF |  DNS Resolution    region1.v2.argotunnel.com  PASS    DNS Resolved successfully                    |
2026-05-31T00:20:53Z INF |  DNS Resolution    region2.v2.argotunnel.com  PASS    DNS Resolved successfully                    |
2026-05-31T00:20:53Z INF |  UDP Connectivity  region1.v2.argotunnel.com  PASS    QUIC connection successful                   |
2026-05-31T00:20:53Z INF |  UDP Connectivity  region2.v2.argotunnel.com  FAIL    QUIC connection failed                       |
2026-05-31T00:20:53Z INF |  TCP Connectivity  region1.v2.argotunnel.com  FAIL    HTTP/2 connection is blocked or unreachable  |
2026-05-31T00:20:53Z INF |  TCP Connectivity  region2.v2.argotunnel.com  FAIL    HTTP/2 connection is blocked or unreachable  |
2026-05-31T00:20:53Z INF |  Cloudflare API    api.cloudflare.com:443     PASS    API is reachable                             |
2026-05-31T00:20:53Z INF |  ERROR: Allow outbound QUIC traffic on port 7844 or use HTTP2.                                     |
2026-05-31T00:20:53Z INF |  ERROR: Allow outbound TCP on port 7844.                                                           |
2026-05-31T00:20:53Z INF |  ERROR: Allow outbound TCP on port 7844.                                                           |
2026-05-31T00:20:53Z INF |                                                                                                    |
2026-05-31T00:20:53Z INF |  SUMMARY: Environment has critical failures. cloudflared may not be able to establish a tunnel.    |
2026-05-31T00:20:53Z INF +----------------------------------------------------------------------------------------------------+
2026-05-31T00:20:53Z INF precheck component="DNS Resolution" details="DNS Resolved successfully" run_id=e421b8fe-0c46-45c6-880d-292d2c2c8a40 status=pass target=region1.v2.argotunnel.com
2026-05-31T00:20:53Z INF precheck component="DNS Resolution" details="DNS Resolved successfully" run_id=e421b8fe-0c46-45c6-880d-292d2c2c8a40 status=pass target=region2.v2.argotunnel.com
2026-05-31T00:20:53Z INF precheck component="UDP Connectivity" details="QUIC connection successful" run_id=e421b8fe-0c46-45c6-880d-292d2c2c8a40 status=pass target=region1.v2.argotunnel.com
2026-05-31T00:20:53Z INF precheck component="UDP Connectivity" details="QUIC connection failed" run_id=e421b8fe-0c46-45c6-880d-292d2c2c8a40 status=fail target=region2.v2.argotunnel.com
2026-05-31T00:20:53Z INF precheck component="TCP Connectivity" details="HTTP/2 connection is blocked or unreachable" run_id=e421b8fe-0c46-45c6-880d-292d2c2c8a40 status=fail target=region1.v2.argotunnel.com
2026-05-31T00:20:53Z INF precheck component="TCP Connectivity" details="HTTP/2 connection is blocked or unreachable" run_id=e421b8fe-0c46-45c6-880d-292d2c2c8a40 status=fail target=region2.v2.argotunnel.com
2026-05-31T00:20:53Z INF precheck component="Cloudflare API" details="API is reachable" run_id=e421b8fe-0c46-45c6-880d-292d2c2c8a40 status=pass target=api.cloudflare.com:443
2026-05-31T00:20:53Z INF precheck complete hard_fail=true run_id=e421b8fe-0c46-45c6-880d-292d2c2c8a40
2026-05-31T00:25:35Z ERR  error="Incoming request ended abruptly: context canceled" connIndex=0 event=1 ingressRule=0 originService=http://localhost:8001
2026-05-31T00:25:35Z ERR Request failed error="Incoming request ended abruptly: context canceled" connIndex=0 dest=https://cleaners-talks-acquisition-clan.trycloudflare.com/predict event=0 ip=198.41.192.167 type=http
2026-05-31T00:45:48Z ERR Failed to refresh DNS local resolver error="lookup region1.v2.argotunnel.com: i/o timeout"
2026-05-31T03:50:26Z INF Initiating graceful shutdown due to signal terminated ...
2026-05-31T03:50:26Z ERR failed to run the datagram handler error="context canceled" connIndex=0 event=0 ip=198.41.192.167
2026-05-31T03:50:26Z ERR failed to serve tunnel connection error="accept stream listener encountered a failure while serving" connIndex=0 event=0 ip=198.41.192.167
2026-05-31T03:50:26Z ERR Serve tunnel error error="accept stream listener encountered a failure while serving" connIndex=0 event=0 ip=198.41.192.167
2026-05-31T03:50:26Z INF Retrying connection in up to 1s connIndex=0 event=0 ip=198.41.192.167
2026-05-31T03:50:26Z ERR Connection terminated connIndex=0
2026-05-31T03:50:26Z ERR no more connections active and exiting
2026-05-31T03:50:26Z INF Tunnel server stopped
2026-05-31T03:50:26Z INF Metrics server stopped
