2026-05-31T00:43:54Z INF Thank you for trying Cloudflare Tunnel. Doing so, without a Cloudflare account, is a quick way to experiment and try it out. However, be aware that these account-less Tunnels have no uptime guarantee, are subject to the Cloudflare Online Services Terms of Use (https://www.cloudflare.com/website-terms/), and Cloudflare reserves the right to investigate your use of Tunnels for violations of such terms. If you intend to use Tunnels in production you should use a pre-created named tunnel by following: https://developers.cloudflare.com/cloudflare-one/connections/connect-apps
2026-05-31T00:43:54Z INF Requesting new quick Tunnel on trycloudflare.com...
2026-05-31T00:43:58Z INF +--------------------------------------------------------------------------------------------+
2026-05-31T00:43:58Z INF |  Your quick Tunnel has been created! Visit it at (it may take some time to be reachable):  |
2026-05-31T00:43:58Z INF |  https://significantly-negotiations-talk-gage.trycloudflare.com                            |
2026-05-31T00:43:58Z INF +--------------------------------------------------------------------------------------------+
2026-05-31T00:43:58Z INF Cannot determine default configuration path. No file [config.yml config.yaml] in [~/.cloudflared ~/.cloudflare-warp ~/cloudflare-warp]
2026-05-31T00:43:58Z INF Version 2026.5.2 (Checksum 20b9638f685333d623798e733effbad2487093f15ba592f6c7752360ff3b7ab7)
2026-05-31T00:43:58Z INF GOOS: windows, GOVersion: go1.26.3, GoArch: amd64
2026-05-31T00:43:58Z INF Settings: map[ha-connections:1 protocol:quic url:http://localhost:8000]
2026-05-31T00:43:58Z INF cloudflared will not automatically update on Windows systems.
2026-05-31T00:43:58Z INF Generated Connector ID: 3c867fb4-1956-43e3-9755-30e63fd2d16d
2026-05-31T00:43:58Z INF Initial protocol quic
2026-05-31T00:43:58Z INF ICMP proxy will use 192.168.1.106 as source for IPv4
2026-05-31T00:43:58Z INF ICMP proxy will use 2804:6888:cc3d:1:40b2:d04e:cd50:2bc2 in zone Wi-Fi as source for IPv6
2026-05-31T00:43:58Z INF cloudflared does not support loading the system root certificate pool on Windows. Please use --origin-ca-pool <PATH> to specify the path to the certificate pool
2026-05-31T00:43:58Z INF ICMP proxy will use 192.168.1.106 as source for IPv4
2026-05-31T00:43:58Z INF Tunnel connection curve preferences: [X25519MLKEM768 CurveID(65074) CurveP256] connIndex=0 event=0 ip=2606:4700:a0::1
2026-05-31T00:43:58Z INF ICMP proxy will use 2804:6888:cc3d:1:40b2:d04e:cd50:2bc2 in zone Wi-Fi as source for IPv6
2026-05-31T00:43:58Z INF Starting metrics server on 127.0.0.1:20243/metrics
2026-05-31T00:44:03Z ERR Failed to dial a quic connection error="failed to dial to edge with quic: timeout: no recent network activity" connIndex=0 event=0 ip=2606:4700:a0::1
2026-05-31T00:44:03Z INF Retrying connection in up to 2s connIndex=0 event=0 ip=2606:4700:a0::1
2026-05-31T00:44:04Z INF Tunnel connection curve preferences: [X25519MLKEM768 CurveID(65074) CurveP256] connIndex=0 event=0 ip=198.41.192.107
2026-05-31T00:44:04Z INF Registered tunnel connection connIndex=0 connection=f87fa6fa-4193-4d78-8062-16ba2ac2f6e9 event=0 ip=198.41.192.107 location=for01 protocol=quic
2026-05-31T00:44:08Z INF +----------------------------------------------------------------------------------------------------+
2026-05-31T00:44:08Z INF |                                      CONNECTIVITY PRE-CHECKS                                       |
2026-05-31T00:44:08Z INF +----------------------------------------------------------------------------------------------------+
2026-05-31T00:44:08Z INF |  COMPONENT         TARGET                     STATUS  DETAILS                                      |
2026-05-31T00:44:08Z INF |  DNS Resolution    region1.v2.argotunnel.com  PASS    DNS Resolved successfully                    |
2026-05-31T00:44:08Z INF |  DNS Resolution    region2.v2.argotunnel.com  PASS    DNS Resolved successfully                    |
2026-05-31T00:44:08Z INF |  UDP Connectivity  region1.v2.argotunnel.com  PASS    QUIC connection successful                   |
2026-05-31T00:44:08Z INF |  UDP Connectivity  region2.v2.argotunnel.com  FAIL    QUIC connection failed                       |
2026-05-31T00:44:08Z INF |  TCP Connectivity  region1.v2.argotunnel.com  FAIL    HTTP/2 connection is blocked or unreachable  |
2026-05-31T00:44:08Z INF |  TCP Connectivity  region2.v2.argotunnel.com  FAIL    HTTP/2 connection is blocked or unreachable  |
2026-05-31T00:44:08Z INF |  Cloudflare API    api.cloudflare.com:443     PASS    API is reachable                             |
2026-05-31T00:44:08Z INF |  ERROR: Allow outbound QUIC traffic on port 7844 or use HTTP2.                                     |
2026-05-31T00:44:08Z INF |  ERROR: Allow outbound TCP on port 7844.                                                           |
2026-05-31T00:44:08Z INF |  ERROR: Allow outbound TCP on port 7844.                                                           |
2026-05-31T00:44:08Z INF |                                                                                                    |
2026-05-31T00:44:08Z INF |  SUMMARY: Environment has critical failures. cloudflared may not be able to establish a tunnel.    |
2026-05-31T00:44:08Z INF +----------------------------------------------------------------------------------------------------+
2026-05-31T00:44:08Z INF precheck component="DNS Resolution" details="DNS Resolved successfully" run_id=e895dd7e-55bd-401a-9ac2-0faf902feac3 status=pass target=region1.v2.argotunnel.com
2026-05-31T00:44:08Z INF precheck component="DNS Resolution" details="DNS Resolved successfully" run_id=e895dd7e-55bd-401a-9ac2-0faf902feac3 status=pass target=region2.v2.argotunnel.com
2026-05-31T00:44:08Z INF precheck component="UDP Connectivity" details="QUIC connection successful" run_id=e895dd7e-55bd-401a-9ac2-0faf902feac3 status=pass target=region1.v2.argotunnel.com
2026-05-31T00:44:08Z INF precheck component="UDP Connectivity" details="QUIC connection failed" run_id=e895dd7e-55bd-401a-9ac2-0faf902feac3 status=fail target=region2.v2.argotunnel.com
2026-05-31T00:44:08Z INF precheck component="TCP Connectivity" details="HTTP/2 connection is blocked or unreachable" run_id=e895dd7e-55bd-401a-9ac2-0faf902feac3 status=fail target=region1.v2.argotunnel.com
2026-05-31T00:44:08Z INF precheck component="TCP Connectivity" details="HTTP/2 connection is blocked or unreachable" run_id=e895dd7e-55bd-401a-9ac2-0faf902feac3 status=fail target=region2.v2.argotunnel.com
2026-05-31T00:44:08Z INF precheck component="Cloudflare API" details="API is reachable" run_id=e895dd7e-55bd-401a-9ac2-0faf902feac3 status=pass target=api.cloudflare.com:443
2026-05-31T00:44:08Z INF precheck complete hard_fail=true run_id=e895dd7e-55bd-401a-9ac2-0faf902feac3
2026-05-31T03:50:26Z INF Initiating graceful shutdown due to signal terminated ...
2026-05-31T03:50:26Z ERR failed to run the datagram handler error="context canceled" connIndex=0 event=0 ip=198.41.192.107
2026-05-31T03:50:26Z ERR failed to serve tunnel connection error="accept stream listener encountered a failure while serving" connIndex=0 event=0 ip=198.41.192.107
2026-05-31T03:50:26Z ERR Serve tunnel error error="accept stream listener encountered a failure while serving" connIndex=0 event=0 ip=198.41.192.107
2026-05-31T03:50:26Z INF Retrying connection in up to 1s connIndex=0 event=0 ip=198.41.192.107
2026-05-31T03:50:26Z ERR Connection terminated connIndex=0
2026-05-31T03:50:26Z ERR no more connections active and exiting
2026-05-31T03:50:26Z INF Tunnel server stopped
2026-05-31T03:50:26Z INF Metrics server stopped
