\BOOKMARK [1][-]{section.1}{\376\377\000I\000n\000t\000r\000o\000d\000u\000\347\000\343\000o\000\040\000e\000\040\000C\000o\000n\000t\000e\000x\000t\000o\000\040\000d\000o\000\040\000P\000r\000o\000b\000l\000e\000m\000a}{}% 1
\BOOKMARK [2][-]{subsection.1.1}{\376\377\000O\000b\000j\000e\000t\000i\000v\000o\000s}{section.1}% 2
\BOOKMARK [2][-]{subsection.1.2}{\376\377\000R\000e\000s\000t\000r\000i\000\347\000\365\000e\000s}{section.1}% 3
\BOOKMARK [2][-]{subsection.1.3}{\376\377\000E\000s\000t\000r\000a\000t\000\351\000g\000i\000a\000\040\000a\000d\000o\000t\000a\000d\000a}{section.1}% 4
\BOOKMARK [2][-]{subsection.1.4}{\376\377\000P\000e\000r\000s\000p\000e\000c\000t\000i\000v\000a\000\040\000d\000e\000\040\000E\000v\000o\000l\000u\000\347\000\343\000o\000\040\000F\000u\000t\000u\000r\000a\000\040\040\023\000\040\000M\000o\000d\000e\000l\000o\000s\000\040\000F\000u\000n\000d\000a\000c\000i\000o\000n\000a\000i\000s\000\040\000\050\000S\000A\000M\0003\000\051}{section.1}% 5
\BOOKMARK [1][-]{section.2}{\376\377\000S\000o\000l\000u\000\347\000\343\000o\000\040\0001\000\040\040\023\000\040\000V\000i\000s\000\343\000o\000\040\000C\000l\000\341\000s\000s\000i\000c\000a\000\040\000c\000o\000m\000\040\000O\000p\000e\000n\000C\000V}{}% 6
\BOOKMARK [2][-]{subsection.2.1}{\376\377\000M\000o\000t\000i\000v\000a\000\347\000\343\000o}{section.2}% 7
\BOOKMARK [2][-]{subsection.2.2}{\376\377\000A\000r\000q\000u\000i\000t\000e\000t\000u\000r\000a\000\040\000d\000o\000\040\000P\000i\000p\000e\000l\000i\000n\000e}{section.2}% 8
\BOOKMARK [3][-]{subsubsection.2.2.1}{\376\377\000C\000a\000m\000a\000d\000a\000\040\0001\000\040\040\023\000\040\000A\000n\000\341\000l\000i\000s\000e\000\040\000d\000e\000\040\000C\000e\000n\000a}{subsection.2.2}% 9
\BOOKMARK [3][-]{subsubsection.2.2.2}{\376\377\000C\000a\000m\000a\000d\000a\000\040\0002\000\040\040\023\000\040\000S\000e\000g\000m\000e\000n\000t\000a\000\347\000\343\000o\000\040\000A\000d\000a\000p\000t\000a\000t\000i\000v\000a\000\040\000\050\0006\000\040\000M\000o\000d\000o\000s\000\051}{subsection.2.2}% 10
\BOOKMARK [3][-]{subsubsection.2.2.3}{\376\377\000C\000a\000m\000a\000d\000a\000\040\0003\000\040\040\023\000\040\000D\000e\000t\000e\000c\000t\000o\000r\000e\000s}{subsection.2.2}% 11
\BOOKMARK [3][-]{subsubsection.2.2.4}{\376\377\000C\000a\000m\000a\000d\000a\000\040\0004\000\040\040\023\000\040\000E\000n\000s\000e\000m\000b\000l\000e\000\040\000e\000\040\000S\000e\000l\000e\000\347\000\343\000o}{subsection.2.2}% 12
\BOOKMARK [2][-]{subsection.2.3}{\376\377\000E\000s\000t\000i\000m\000a\000\347\000\343\000o\000\040\000d\000e\000\040\000\301\000r\000e\000a\000\040\000d\000e\000\040\000R\000e\000f\000e\000r\000\352\000n\000c\000i\000a}{section.2}% 13
\BOOKMARK [2][-]{subsection.2.4}{\376\377\000M\000o\000d\000u\000l\000o\000\040\000d\000e\000\040\000C\000a\000l\000i\000b\000r\000a\000\347\000\343\000o}{section.2}% 14
\BOOKMARK [2][-]{subsection.2.5}{\376\377\000A\000v\000a\000l\000i\000a\000\347\000\343\000o\000\040\000e\000\040\000M\000\351\000t\000r\000i\000c\000a\000s}{section.2}% 15
\BOOKMARK [2][-]{subsection.2.6}{\376\377\000Q\000u\000a\000l\000i\000d\000a\000d\000e\000\040\000d\000e\000\040\000C\000a\000p\000t\000u\000r\000a}{section.2}% 16
\BOOKMARK [2][-]{subsection.2.7}{\376\377\000R\000e\000s\000u\000l\000t\000a\000d\000o\000s\000\040\000P\000r\000\341\000t\000i\000c\000o\000s\000\040\040\023\000\040\000T\000e\000s\000t\000e\000s\000\040\000c\000o\000m\000\040\000N\000o\000v\000a\000s\000\040\000I\000m\000a\000g\000e\000n\000s}{section.2}% 17
\BOOKMARK [2][-]{subsection.2.8}{\376\377\000G\000r\000a\000d\000e\000\040\000d\000e\000\040\000D\000e\000b\000u\000g\000\040\040\023\000\040\000P\000i\000p\000e\000l\000i\000n\000e\000\040\000I\000n\000t\000e\000r\000n\000o}{section.2}% 18
\BOOKMARK [2][-]{subsection.2.9}{\376\377\000M\000\351\000t\000r\000i\000c\000a\000s\000\040\000d\000e\000\040\000A\000v\000a\000l\000i\000a\000\347\000\343\000o\000\040\040\023\000\040\000V\000i\000s\000\343\000o\000\040\000C\000l\000\341\000s\000s\000i\000c\000a}{section.2}% 19
\BOOKMARK [2][-]{subsection.2.10}{\376\377\000G\000r\000i\000d\000\040\000d\000e\000\040\000R\000e\000s\000u\000l\000t\000a\000d\000o\000s\000\040\000C\000o\000n\000s\000o\000l\000i\000d\000a\000d\000o}{section.2}% 20
\BOOKMARK [1][-]{section.3}{\376\377\000S\000o\000l\000u\000\347\000\343\000o\000\040\0002\000\040\040\023\000\040\000D\000e\000t\000e\000c\000\347\000\343\000o\000\040\000c\000o\000m\000\040\000Y\000O\000L\000O\000v\0001\0001}{}% 21
\BOOKMARK [2][-]{subsection.3.1}{\376\377\000M\000o\000t\000i\000v\000a\000\347\000\343\000o}{section.3}% 22
\BOOKMARK [2][-]{subsection.3.2}{\376\377\000D\000a\000t\000a\000s\000e\000t}{section.3}% 23
\BOOKMARK [2][-]{subsection.3.3}{\376\377\000T\000r\000e\000i\000n\000a\000m\000e\000n\000t\000o}{section.3}% 24
\BOOKMARK [2][-]{subsection.3.4}{\376\377\000M\000\363\000d\000u\000l\000o\000\040\000d\000e\000\040\000I\000n\000f\000e\000r\000\352\000n\000c\000i\000a}{section.3}% 25
\BOOKMARK [2][-]{subsection.3.5}{\376\377\000H\000i\000p\000e\000r\000p\000a\000r\000\342\000m\000e\000t\000r\000o\000s\000\040\000d\000e\000\040\000I\000n\000f\000e\000r\000\352\000n\000c\000i\000a}{section.3}% 26
\BOOKMARK [2][-]{subsection.3.6}{\376\377\000E\000x\000p\000o\000r\000t\000a\000\347\000\343\000o\000\040\000M\000o\000b\000i\000l\000e}{section.3}% 27
\BOOKMARK [2][-]{subsection.3.7}{\376\377\000M\000\351\000t\000r\000i\000c\000a\000s\000\040\000d\000e\000\040\000V\000a\000l\000i\000d\000a\000\347\000\343\000o\000\040\040\023\000\040\000R\000e\000s\000u\000l\000t\000a\000d\000o\000s\000\040\000Q\000u\000a\000n\000t\000i\000t\000a\000t\000i\000v\000o\000s}{section.3}% 28
\BOOKMARK [3][-]{subsubsection.3.7.1}{\376\377\000M\000\351\000t\000o\000d\000o\000\040\000d\000e\000\040\000V\000a\000l\000i\000d\000a\000\347\000\343\000o\000\040\000E\000m\000p\000r\000e\000g\000a\000d\000o}{subsection.3.7}% 29
\BOOKMARK [3][-]{subsubsection.3.7.2}{\376\377\000R\000e\000s\000u\000l\000t\000a\000d\000o\000s\000\040\000O\000b\000t\000i\000d\000o\000s\000\040\000\050\000V\000e\000r\000i\000f\000i\000c\000a\000d\000o\000s\000\051}{subsection.3.7}% 30
\BOOKMARK [2][-]{subsection.3.8}{\376\377\000C\000u\000r\000v\000a\000s\000\040\000d\000e\000\040\000T\000r\000e\000i\000n\000a\000m\000e\000n\000t\000o\000\040\040\023\000\040\000E\000v\000o\000l\000u\000\347\000\343\000o\000\040\000p\000o\000r\000\040\000\311\000p\000o\000c\000a}{section.3}% 31
\BOOKMARK [2][-]{subsection.3.9}{\376\377\000M\000a\000t\000r\000i\000z\000\040\000d\000e\000\040\000C\000o\000n\000f\000u\000s\000\343\000o}{section.3}% 32
\BOOKMARK [2][-]{subsection.3.10}{\376\377\000C\000u\000r\000v\000a\000s\000\040\000d\000e\000\040\000P\000r\000e\000c\000i\000s\000\343\000o\000,\000\040\000R\000e\000c\000a\000l\000l\000\040\000e\000\040\000F\0001}{section.3}% 33
\BOOKMARK [2][-]{subsection.3.11}{\376\377\000L\000o\000t\000e\000s\000\040\000d\000e\000\040\000V\000a\000l\000i\000d\000a\000\347\000\343\000o}{section.3}% 34
\BOOKMARK [2][-]{subsection.3.12}{\376\377\000R\000e\000s\000u\000l\000t\000a\000d\000o\000s\000\040\000P\000r\000\341\000t\000i\000c\000o\000s\000\040\040\023\000\040\000T\000e\000s\000t\000e\000s\000\040\000c\000o\000m\000\040\000N\000o\000v\000a\000s\000\040\000I\000m\000a\000g\000e\000n\000s}{section.3}% 35
\BOOKMARK [1][-]{section.4}{\376\377\000A\000p\000l\000i\000c\000a\000\347\000\343\000o\000\040\000W\000e\000b\000\040\000C\000o\000m\000p\000a\000r\000t\000i\000l\000h\000a\000d\000a}{}% 36
\BOOKMARK [2][-]{subsection.4.1}{\376\377\000P\000o\000r\000\040\000q\000u\000e\000\040\000F\000a\000s\000t\000A\000P\000I\000?}{section.4}% 37
\BOOKMARK [2][-]{subsection.4.2}{\376\377\000F\000l\000u\000x\000o\000\040\000d\000e\000\040\000u\000m\000a\000\040\000r\000e\000q\000u\000i\000s\000i\000\347\000\343\000o}{section.4}% 38
\BOOKMARK [2][-]{subsection.4.3}{\376\377\000R\000o\000t\000a\000s\000\040\000P\000r\000i\000n\000c\000i\000p\000a\000i\000s}{section.4}% 39
\BOOKMARK [2][-]{subsection.4.4}{\376\377\000B\000a\000n\000c\000o\000\040\000d\000e\000\040\000D\000a\000d\000o\000s\000\040\040\023\000\040\000M\000o\000d\000e\000l\000o\000\040\000O\000R\000M}{section.4}% 40
\BOOKMARK [2][-]{subsection.4.5}{\376\377\000F\000u\000n\000c\000i\000o\000n\000a\000l\000i\000d\000a\000d\000e\000s\000\040\000E\000x\000c\000l\000u\000s\000i\000v\000a\000s\000\040\000d\000a\000\040\000S\000o\000l\000u\000\347\000\343\000o\000\040\0001\000\040\000\050\000W\000e\000b\000\051}{section.4}% 41
\BOOKMARK [2][-]{subsection.4.6}{\376\377\000C\000o\000n\000e\000x\000\343\000o\000\040\000v\000i\000a\000\040\000S\000m\000a\000r\000t\000p\000h\000o\000n\000e}{section.4}% 42
\BOOKMARK [1][-]{section.5}{\376\377\000P\000r\000o\000c\000e\000s\000s\000o\000\040\000d\000e\000\040\000D\000e\000s\000i\000g\000n\000\040\040\023\000\040\000U\000X\000/\000U\000I\000\040\000d\000a\000\040\000A\000p\000l\000i\000c\000a\000\347\000\343\000o}{}% 43
\BOOKMARK [2][-]{subsection.5.1}{\376\377\000C\000o\000n\000t\000e\000x\000t\000o\000\040\000e\000\040\000O\000b\000j\000e\000t\000i\000v\000o\000s\000\040\000d\000o\000\040\000D\000e\000s\000i\000g\000n}{section.5}% 44
\BOOKMARK [2][-]{subsection.5.2}{\376\377\000P\000r\000o\000t\000\363\000t\000i\000p\000o\000\040\000d\000e\000\040\000I\000n\000t\000e\000r\000f\000a\000c\000e\000\040\040\023\000\040\000U\000X\000/\000U\000I}{section.5}% 45
\BOOKMARK [2][-]{subsection.5.3}{\376\377\000D\000e\000c\000i\000s\000\365\000e\000s\000\040\000d\000e\000\040\000D\000e\000s\000i\000g\000n\000\040\000J\000u\000s\000t\000i\000f\000i\000c\000a\000d\000a\000s}{section.5}% 46
\BOOKMARK [2][-]{subsection.5.4}{\376\377\000F\000l\000u\000x\000o\000\040\000d\000e\000\040\000N\000a\000v\000e\000g\000a\000\347\000\343\000o}{section.5}% 47
\BOOKMARK [2][-]{subsection.5.5}{\376\377\000R\000e\000s\000p\000o\000n\000s\000i\000v\000i\000d\000a\000d\000e\000\040\000e\000\040\000C\000o\000m\000p\000a\000t\000i\000b\000i\000l\000i\000d\000a\000d\000e\000\040\000M\000o\000b\000i\000l\000e}{section.5}% 48
\BOOKMARK [1][-]{section.6}{\376\377\000A\000n\000\341\000l\000i\000s\000e\000\040\000C\000o\000m\000p\000a\000r\000a\000t\000i\000v\000a\000\040\000d\000a\000s\000\040\000S\000o\000l\000u\000\347\000\365\000e\000s}{}% 49
\BOOKMARK [2][-]{subsection.6.1}{\376\377\000C\000o\000m\000p\000a\000r\000a\000\347\000\343\000o\000\040\000T\000\351\000c\000n\000i\000c\000a}{section.6}% 50
\BOOKMARK [2][-]{subsection.6.2}{\376\377\000C\000e\000n\000\341\000r\000i\000o\000s\000\040\000F\000a\000v\000o\000r\000\341\000v\000e\000i\000s\000\040\000a\000\040\000C\000a\000d\000a\000\040\000S\000o\000l\000u\000\347\000\343\000o}{section.6}% 51
\BOOKMARK [1][-]{section.7}{\376\377\000V\000e\000r\000e\000d\000i\000c\000t\000o\000:\000\040\000Q\000u\000a\000l\000\040\000S\000o\000l\000u\000\347\000\343\000o\000\040\000\351\000\040\000M\000e\000l\000h\000o\000r\000?}{}% 52
\BOOKMARK [1][-]{section.8}{\376\377\000C\000r\000i\000t\000\351\000r\000i\000o\000s\000\040\000d\000e\000\040\000A\000v\000a\000l\000i\000a\000\347\000\343\000o\000\040\040\023\000\040\000R\000e\000s\000p\000o\000s\000t\000a\000\040\000D\000i\000r\000e\000t\000a}{}% 53
\BOOKMARK [2][-]{subsection.8.1}{\376\377\0001\000.\000\040\000O\000r\000g\000a\000n\000i\000z\000a\000\347\000\343\000o\000\040\000e\000\040\000E\000s\000t\000r\000u\000t\000u\000r\000a\000\347\000\343\000o\000\040\000d\000o\000\040\000C\000\363\000d\000i\000g\000o}{section.8}% 54
\BOOKMARK [2][-]{subsection.8.2}{\376\377\0002\000.\000\040\000C\000r\000i\000a\000t\000i\000v\000i\000d\000a\000d\000e\000\040\000n\000a\000\040\000P\000r\000o\000p\000o\000s\000t\000a}{section.8}% 55
\BOOKMARK [2][-]{subsection.8.3}{\376\377\0003\000.\000\040\000C\000l\000a\000r\000e\000z\000a\000\040\000n\000o\000s\000\040\000C\000r\000i\000t\000\351\000r\000i\000o\000s\000\040\000d\000e\000\040\000T\000o\000m\000a\000d\000a\000\040\000d\000e\000\040\000D\000e\000c\000i\000s\000\343\000o}{section.8}% 56
\BOOKMARK [2][-]{subsection.8.4}{\376\377\0004\000.\000\040\000C\000a\000p\000a\000c\000i\000d\000a\000d\000e\000\040\000A\000n\000a\000l\000\355\000t\000i\000c\000a}{section.8}% 57
\BOOKMARK [2][-]{subsection.8.5}{\376\377\000B\000\364\000n\000u\000s\000:\000\040\000S\000o\000l\000u\000\347\000\343\000o\000\040\000e\000m\000\040\000A\000p\000l\000i\000c\000a\000\347\000\343\000o\000\040\000W\000e\000b}{section.8}% 58
\BOOKMARK [2][-]{subsection.8.6}{\376\377\000B\000\364\000n\000u\000s\000:\000\040\000B\000a\000i\000x\000o\000\040\000R\000e\000c\000u\000r\000s\000o\000\040\000C\000o\000m\000p\000u\000t\000a\000c\000i\000o\000n\000a\000l}{section.8}% 59
\BOOKMARK [1][-]{section.9}{\376\377\000I\000n\000s\000t\000r\000u\000\347\000\365\000e\000s\000\040\000d\000e\000\040\000E\000x\000e\000c\000u\000\347\000\343\000o}{}% 60
\BOOKMARK [2][-]{subsection.9.1}{\376\377\000S\000o\000l\000u\000\347\000\343\000o\000\040\0001\000\040\040\023\000\040\000V\000i\000s\000\343\000o\000\040\000C\000l\000\341\000s\000s\000i\000c\000a}{section.9}% 61
\BOOKMARK [2][-]{subsection.9.2}{\376\377\000S\000o\000l\000u\000\347\000\343\000o\000\040\0002\000\040\040\023\000\040\000Y\000O\000L\000O\000v\0001\0001}{section.9}% 62
\BOOKMARK [1][-]{section.10}{\376\377\000C\000o\000n\000c\000l\000u\000s\000\343\000o}{}% 63
\BOOKMARK [1][-]{section.A}{\376\377\000E\000s\000t\000r\000u\000t\000u\000r\000a\000\040\000d\000e\000\040\000A\000r\000q\000u\000i\000v\000o\000s}{}% 64
\BOOKMARK [1][-]{section.B}{\376\377\000D\000e\000p\000e\000n\000d\000\352\000n\000c\000i\000a\000s\000\040\000P\000r\000i\000n\000c\000i\000p\000a\000i\000s}{}% 65
